// Jest Snapshot v1, https://goo.gl/fbAQLP

exports[`renders correctly 1`] = `
<View
  style={
    {
      "alignItems": "center",
      "flex": 1,
      "justifyContent": "center",
    }
  }
>
  <Text
    style={
      {
        "color": "black",
        "fontSize": 18,
      }
    }
  >
    Â¡Hola, este es un componente de prueba!
  </Text>
</View>
`;
